
    create table "Domain" (
       epp_repo_id varchar(255) not null,
        fqdn varchar(255),
        primary key (epp_repo_id)
    );

    create table "Host" (
       epp_repo_id  bigserial not null,
        fqhn varchar(255),
        primary key (epp_repo_id)
    );

    create table "RegistryLock" (
       revision_id  bigserial not null,
        creation_timestamp timestamp not null,
        domain_name varchar(255) not null,
        is_super_user boolean not null,
        lock_action varchar(255) not null,
        lock_status varchar(255) not null,
        lock_timestamp timestamp,
        locking_registrar_contact_id varchar(255),
        registrar_client_id varchar(255) not null,
        repo_id varchar(255) not null,
        unlock_timestamp timestamp,
        unlocking_registrar_contact_id varchar(255),
        verification_code varchar(255) not null,
        primary key (revision_id),
        check (locking_registrar_contact_id IS NOT NULL OR unlocking_registrar_contact_id IS NOT NULL)
    );

    alter table if exists "RegistryLock" 
       add constraint idx_registry_lock_repo_id_revision_id unique (repo_id, revision_id);
